
> frontend@0.0.0 build
> tsc -b && vite build

tsconfig.app.json(3,5): error TS5069: Option 'tsBuildInfoFile' cannot be specified without specifying option 'incremental' or option 'composite'.
tsconfig.node.json(4,15): error TS6046: Argument for '--target' option must be: 'es5', 'es6', 'es2015', 'es2016', 'es2017', 'es2018', 'es2019', 'es2020', 'es2021', 'es2022', 'esnext'.
tsconfig.node.json(3,5): error TS5069: Option 'tsBuildInfoFile' cannot be specified without specifying option 'incremental' or option 'composite'.
